// Vitest Snapshot v1, https://vitest.dev/guide/snapshot.html

exports[`return-dispatch > handleAction > getRunIdAndUrl > called fetchWorkflowRunIds with the provided workflowId and branch 1`] = `
[
  "Attempting to identify Run ID for workflow.yml (123)",
]
`;

exports[`return-dispatch > handleAction > getRunIdAndUrl > called fetchWorkflowRunIds with the provided workflowId and branch 2`] = `
[
  "Attempting to get step names for Run IDs: [0]",
]
`;

exports[`return-dispatch > handleAction > getRunIdAndUrl > called fetchWorkflowRunIds with the provided workflowId and branch 3`] = `
[
  "Attempting to identify run ID from steps...",
]
`;

exports[`return-dispatch > handleAction > getRunIdAndUrl > should call retryOrTimeout with the larger workflowTimeoutMs timeout value 1`] = `
[
  "Attempting to identify Run ID for workflow.yml (123)",
]
`;

exports[`return-dispatch > handleAction > getRunIdAndUrl > should call retryOrTimeout with the larger workflowTimeoutMs timeout value 2`] = `
[
  "Attempting to get step names for Run IDs: [0]",
]
`;

exports[`return-dispatch > handleAction > getRunIdAndUrl > should call retryOrTimeout with the larger workflowTimeoutMs timeout value 3`] = `
[
  "Attempting to identify run ID from steps...",
]
`;

exports[`return-dispatch > handleAction > getRunIdAndUrl > should retry until an ID is found 1`] = `"Attempting to identify run ID from steps..."`;

exports[`return-dispatch > handleAction > getRunIdAndUrl > should retry until an ID is found 2`] = `"No Run IDs found for workflow, attempt 1..."`;

exports[`return-dispatch > handleAction > getRunIdAndUrl > should retry until an ID is found 3`] = `"Attempting to identify Run ID for workflow.yml (123)"`;

exports[`return-dispatch > handleAction > getRunIdAndUrl > should retry until an ID is found 4`] = `"No Run IDs found for workflow, attempt 2..."`;

exports[`return-dispatch > handleAction > getRunIdAndUrl > should retry until an ID is found 5`] = `"Attempting to get step names for Run IDs: [0]"`;

exports[`return-dispatch > handleAction > getRunIdAndUrl > should return the ID when found 1`] = `
[
  "Attempting to identify Run ID for workflow.yml (123)",
]
`;

exports[`return-dispatch > handleAction > getRunIdAndUrl > should return the ID when found 2`] = `
[
  "Attempting to get step names for Run IDs: [0]",
]
`;

exports[`return-dispatch > handleAction > getRunIdAndUrl > should return the ID when found 3`] = `
[
  "Attempting to identify run ID from steps...",
]
`;

exports[`return-dispatch > handleAction > getRunIdAndUrl > should timeout when unable failing to get the run IDs 1`] = `
[
  "Attempting to identify Run ID for workflow.yml (123)",
]
`;

exports[`return-dispatch > handleAction > getRunIdAndUrl > should timeout when unable failing to get the run IDs 2`] = `
[
  "Attempting to identify run ID from steps...",
]
`;
